\BOOKMARK [1][-]{section.1}{\376\377\000I\000n\000t\000r\000o\000d\000u\000c\000t\000i\000o\000n}{}% 1
\BOOKMARK [2][-]{subsection.1.1}{\376\377\000A\000u\000d\000i\000t\000a\000b\000i\000l\000i\000t\000y\000\040\000i\000s\000\040\000n\000o\000t\000\040\000a\000\040\000s\000i\000n\000g\000l\000e\000\040\000p\000r\000o\000p\000e\000r\000t\000y}{section.1}% 2
\BOOKMARK [1][-]{section.2}{\376\377\000P\000r\000e\000l\000i\000m\000i\000n\000a\000r\000i\000e\000s\000\040\000a\000n\000d\000\040\000P\000r\000o\000b\000l\000e\000m\000\040\000S\000t\000a\000t\000e\000m\000e\000n\000t}{}% 3
\BOOKMARK [2][-]{subsection.2.1}{\376\377\000M\000a\000r\000k\000o\000v\000\040\000d\000e\000c\000i\000s\000i\000o\000n\000\040\000p\000r\000o\000c\000e\000s\000s\000\040\000a\000n\000d\000\040\000a\000g\000e\000n\000t\000s}{section.2}% 4
\BOOKMARK [2][-]{subsection.2.2}{\376\377\000T\000h\000e\000\040\000a\000u\000d\000i\000t\000\040\000p\000r\000o\000b\000l\000e\000m}{section.2}% 5
\BOOKMARK [2][-]{subsection.2.3}{\376\377\000S\000c\000o\000p\000e\000\040\000a\000n\000d\000\040\000n\000o\000n\000-\000c\000l\000a\000i\000m\000s}{section.2}% 6
\BOOKMARK [1][-]{section.3}{\376\377\000R\000e\000l\000a\000t\000e\000d\000\040\000W\000o\000r\000k}{}% 7
\BOOKMARK [1][-]{section.4}{\376\377\000M\000e\000t\000h\000o\000d}{}% 8
\BOOKMARK [2][-]{subsection.4.1}{\376\377\000S\000h\000a\000r\000e\000d\000\040\000s\000t\000a\000t\000e\000\040\000s\000y\000m\000b\000o\000l\000i\000z\000e\000r}{section.4}% 9
\BOOKMARK [2][-]{subsection.4.2}{\376\377\000R\000u\000l\000e\000\040\000b\000a\000n\000k\000\040\000a\000n\000d\000\040\000a\000d\000m\000i\000s\000s\000i\000o\000n}{section.4}% 10
\BOOKMARK [2][-]{subsection.4.3}{\376\377\000A\000u\000d\000i\000t\000\040\000l\000e\000d\000g\000e\000r\000\040\000a\000n\000d\000\040\000r\000e\000p\000l\000a\000y\000\040\000v\000e\000r\000i\000f\000i\000c\000a\000t\000i\000o\000n}{section.4}% 11
\BOOKMARK [2][-]{subsection.4.4}{\376\377\000L\000o\000s\000s\000l\000e\000s\000s\000\040\000t\000r\000a\000j\000e\000c\000t\000o\000r\000y\000\040\000c\000o\000d\000e\000c}{section.4}% 12
\BOOKMARK [2][-]{subsection.4.5}{\376\377\000T\000r\000a\000i\000n\000i\000n\000g\000\040\000a\000r\000m\000s}{section.4}% 13
\BOOKMARK [2][-]{subsection.4.6}{\376\377\000R\000u\000l\000e\000-\000l\000e\000v\000e\000l\000\040\000p\000o\000l\000i\000c\000y\000\040\000f\000u\000s\000i\000o\000n}{section.4}% 14
\BOOKMARK [2][-]{subsection.4.7}{\376\377\000A\000n\000a\000l\000y\000s\000i\000s\000\040\000i\000n\000s\000t\000r\000u\000m\000e\000n\000t\000s}{section.4}% 15
\BOOKMARK [2][-]{subsection.4.8}{\376\377\000M\000a\000t\000c\000h\000e\000d\000-\000s\000u\000p\000p\000o\000r\000t\000\040\000c\000a\000u\000s\000a\000l\000\040\000s\000y\000m\000b\000o\000l\000\040\000i\000n\000t\000e\000r\000v\000e\000n\000t\000i\000o\000n}{section.4}% 16
\BOOKMARK [2][-]{subsection.4.9}{\376\377\000S\000t\000a\000t\000i\000s\000t\000i\000c\000a\000l\000\040\000c\000o\000n\000v\000e\000n\000t\000i\000o\000n\000s}{section.4}% 17
\BOOKMARK [1][-]{section.5}{\376\377\000F\000r\000o\000m\000\040\000I\000n\000t\000u\000i\000t\000i\000o\000n\000\040\000t\000o\000\040\000P\000r\000o\000t\000o\000c\000o\000l\000:\000\040\000a\000\040\000F\000a\000i\000l\000u\000r\000e\000-\000D\000r\000i\000v\000e\000n\000\040\000D\000e\000s\000i\000g\000n\000\040\000H\000i\000s\000t\000o\000r\000y}{}% 18
\BOOKMARK [2][-]{subsection.5.1}{\376\377\000C\000o\000m\000p\000r\000e\000s\000s\000i\000o\000n\000,\000\040\000r\000e\000p\000l\000a\000y\000,\000\040\000a\000n\000d\000\040\000e\000x\000p\000l\000a\000n\000a\000t\000i\000o\000n\000\040\000a\000r\000e\000\040\000d\000i\000f\000f\000e\000r\000e\000n\000t\000\040\000c\000l\000a\000i\000m\000s}{section.5}% 19
\BOOKMARK [2][-]{subsection.5.2}{\376\377\000F\000i\000r\000s\000t\000-\000g\000e\000n\000e\000r\000a\000t\000i\000o\000n\000\040\000p\000r\000o\000t\000o\000t\000y\000p\000e\000\040\000f\000a\000i\000l\000u\000r\000e\000s}{section.5}% 20
\BOOKMARK [2][-]{subsection.5.3}{\376\377\000R\000u\000l\000e\000-\000c\000o\000n\000s\000t\000r\000a\000i\000n\000e\000d\000\040\000t\000r\000a\000i\000n\000i\000n\000g\000\040\000i\000n\000t\000e\000r\000f\000e\000r\000e\000s\000\040\000w\000i\000t\000h\000\040\000b\000e\000h\000a\000v\000i\000o\000r}{section.5}% 21
\BOOKMARK [2][-]{subsection.5.4}{\376\377\000C\000o\000n\000f\000i\000d\000e\000n\000c\000e\000\040\000t\000h\000r\000e\000s\000h\000o\000l\000d\000s\000\040\000a\000n\000d\000\040\000t\000h\000e\000\040\0001\0000\0000\000\045\000\040\000b\000l\000i\000n\000d\000-\000s\000p\000o\000t\000\040\000c\000o\000l\000l\000a\000p\000s\000e}{section.5}% 22
\BOOKMARK [2][-]{subsection.5.5}{\376\377\000S\000e\000r\000i\000a\000l\000i\000z\000a\000t\000i\000o\000n\000\040\000a\000n\000d\000\040\000l\000e\000d\000g\000e\000r\000-\000s\000c\000h\000e\000m\000a\000\040\000f\000a\000i\000l\000u\000r\000e\000s}{section.5}% 23
\BOOKMARK [2][-]{subsection.5.6}{\376\377\000A\000r\000b\000i\000t\000r\000a\000t\000i\000o\000n\000\040\000s\000e\000n\000s\000i\000t\000i\000v\000i\000t\000y\000\040\000a\000n\000d\000\040\000t\000h\000e\000\040\000r\000a\000n\000d\000o\000m\000-\000s\000e\000l\000e\000c\000t\000i\000o\000n\000\040\000a\000n\000o\000m\000a\000l\000y}{section.5}% 24
\BOOKMARK [2][-]{subsection.5.7}{\376\377\000C\000o\000m\000m\000u\000n\000i\000c\000a\000t\000i\000o\000n\000-\000t\000a\000s\000k\000\040\000r\000e\000d\000e\000s\000i\000g\000n}{section.5}% 25
\BOOKMARK [1][-]{section.6}{\376\377\000E\000x\000p\000e\000r\000i\000m\000e\000n\000t\000s\000\040\000a\000n\000d\000\040\000R\000e\000s\000u\000l\000t\000s}{}% 26
\BOOKMARK [2][-]{subsection.6.1}{\376\377\000S\000e\000t\000u\000p}{section.6}% 27
\BOOKMARK [2][-]{subsection.6.2}{\376\377\000R\000e\000g\000i\000s\000t\000e\000r\000e\000d\000\040\000p\000r\000e\000d\000i\000c\000t\000i\000o\000n\000s}{section.6}% 28
\BOOKMARK [2][-]{subsection.6.3}{\376\377\000A\000u\000d\000i\000t\000\040\000i\000n\000t\000e\000g\000r\000i\000t\000y}{section.6}% 29
\BOOKMARK [2][-]{subsection.6.4}{\376\377\000R\000u\000l\000e\000\040\000s\000t\000r\000u\000c\000t\000u\000r\000e\000\040\000a\000c\000r\000o\000s\000s\000\040\000s\000e\000e\000d\000s}{section.6}% 30
\BOOKMARK [2][-]{subsection.6.5}{\376\377\000C\000o\000m\000p\000o\000s\000i\000t\000i\000o\000n\000\040\000o\000n\000\040\000C\000a\000r\000t\000P\000o\000l\000e\000-\000v\0001}{section.6}% 31
\BOOKMARK [2][-]{subsection.6.6}{\376\377\000A\000c\000r\000o\000b\000o\000t\000-\000v\0001\000:\000\040\000t\000h\000e\000\040\000c\000o\000n\000f\000l\000i\000c\000t\000\040\000r\000e\000g\000i\000m\000e\000\040\000a\000n\000d\000\040\000t\000h\000e\000\040\000f\000a\000i\000l\000u\000r\000e\000\040\000o\000f\000\040\000c\000o\000n\000f\000i\000d\000e\000n\000c\000e\000\040\000a\000r\000b\000i\000t\000r\000a\000t\000i\000o\000n}{section.6}% 32
\BOOKMARK [2][-]{subsection.6.7}{\376\377\000P\000r\000o\000t\000o\000c\000o\000l\000-\000c\000o\000n\000s\000i\000s\000t\000e\000n\000t\000\040\000i\000n\000d\000u\000c\000t\000i\000o\000n\000\040\000r\000e\000c\000o\000v\000e\000r\000s\000\040\000A\000c\000r\000o\000b\000o\000t\000\040\000f\000u\000s\000i\000o\000n}{section.6}% 33
\BOOKMARK [2][-]{subsection.6.8}{\376\377\000B\000e\000h\000a\000v\000i\000o\000r\000a\000l\000\040\000a\000g\000r\000e\000e\000m\000e\000n\000t\000:\000\040\000r\000u\000l\000e\000\040\000o\000v\000e\000r\000l\000a\000p\000\040\000d\000o\000e\000s\000\040\000n\000o\000t\000\040\000t\000r\000a\000n\000s\000f\000e\000r}{section.6}% 34
\BOOKMARK [2][-]{subsection.6.9}{\376\377\000C\000a\000u\000s\000a\000l\000\040\000s\000y\000m\000b\000o\000l\000\040\000i\000n\000t\000e\000r\000v\000e\000n\000t\000i\000o\000n\000\040\000a\000s\000\040\000a\000\040\000s\000e\000p\000a\000r\000a\000t\000e\000\040\000s\000u\000b\000-\000s\000t\000u\000d\000y}{section.6}% 35
\BOOKMARK [2][-]{subsection.6.10}{\376\377\000F\000i\000t\000t\000e\000d\000-\000Q\000\040\000G\000P\000I\000\040\000b\000a\000s\000e\000l\000i\000n\000e\000\040\000f\000a\000i\000l\000u\000r\000e}{section.6}% 36
\BOOKMARK [2][-]{subsection.6.11}{\376\377\000L\000o\000s\000s\000l\000e\000s\000s\000\040\000c\000o\000d\000i\000n\000g\000\040\000r\000e\000s\000u\000l\000t\000s}{section.6}% 37
\BOOKMARK [2][-]{subsection.6.12}{\376\377\000S\000u\000m\000m\000a\000r\000y\000\040\000o\000f\000\040\000v\000e\000r\000d\000i\000c\000t\000s}{section.6}% 38
\BOOKMARK [1][-]{section.7}{\376\377\000D\000i\000s\000c\000u\000s\000s\000i\000o\000n}{}% 39
\BOOKMARK [2][-]{subsection.7.1}{\376\377\000W\000h\000y\000\040\000t\000h\000e\000\040\000m\000e\000c\000h\000a\000n\000i\000s\000m\000\040\000m\000a\000y\000\040\000w\000o\000r\000k\000,\000\040\000a\000n\000d\000\040\000w\000h\000e\000r\000e\000\040\000i\000t\000\040\000b\000r\000e\000a\000k\000s}{section.7}% 40
\BOOKMARK [2][-]{subsection.7.2}{\376\377\000P\000r\000e\000d\000i\000c\000t\000i\000o\000n\000\040\000o\000u\000t\000c\000o\000m\000e\000s}{section.7}% 41
\BOOKMARK [2][-]{subsection.7.3}{\376\377\000W\000h\000a\000t\000\040\000t\000h\000e\000\040\000p\000r\000o\000t\000o\000c\000o\000l\000\040\000d\000o\000e\000s\000\040\000n\000o\000t\000\040\000e\000s\000t\000a\000b\000l\000i\000s\000h}{section.7}% 42
\BOOKMARK [2][-]{subsection.7.4}{\376\377\000S\000a\000m\000e\000\040\000f\000r\000a\000m\000e\000w\000o\000r\000k\000,\000\040\000t\000a\000s\000k\000-\000s\000p\000e\000c\000i\000f\000i\000c\000\040\000r\000e\000g\000i\000m\000e\000s}{section.7}% 43
\BOOKMARK [2][-]{subsection.7.5}{\376\377\000T\000h\000e\000o\000r\000e\000t\000i\000c\000a\000l\000\040\000a\000n\000d\000\040\000p\000r\000a\000c\000t\000i\000c\000a\000l\000\040\000i\000m\000p\000l\000i\000c\000a\000t\000i\000o\000n\000s}{section.7}% 44
\BOOKMARK [2][-]{subsection.7.6}{\376\377\000L\000i\000m\000i\000t\000a\000t\000i\000o\000n\000s}{section.7}% 45
\BOOKMARK [2][-]{subsection.7.7}{\376\377\000S\000t\000e\000e\000l\000m\000a\000n}{section.7}% 46
\BOOKMARK [2][-]{subsection.7.8}{\376\377\000R\000e\000p\000l\000i\000c\000a\000b\000i\000l\000i\000t\000y\000\040\000n\000o\000t\000e}{section.7}% 47
\BOOKMARK [1][-]{section.8}{\376\377\000C\000o\000n\000c\000l\000u\000s\000i\000o\000n}{}% 48
\BOOKMARK [1][-]{appendix.A}{\376\377\000P\000e\000r\000-\000S\000e\000e\000d\000\040\000A\000I\000M\000\040\000C\000a\000u\000s\000a\000l\000-\000I\000n\000t\000e\000r\000v\000e\000n\000t\000i\000o\000n\000\040\000A\000p\000p\000e\000n\000d\000i\000x}{}% 49
