[2026-09-26 02:52:27] building shared calibration symbolizer for CartPole-v1 (seeds=[11, 29, 43, 71, 101, 149, 211, 307], cal_episodes=24, bins=4)
[2026-09-26 02:52:27] symbolizer built in 0.1s
[2026-09-26 02:52:27] training seed 11 (grammar_audit_only, 300 episodes) ...
[2026-09-26 02:53:01] seed 11 done in 34.7s -> seed-11_20260925T185229Z; train_mean=151.7 rules=100
[2026-09-26 02:53:01] training seed 29 (grammar_audit_only, 300 episodes) ...
[2026-09-26 02:53:44] seed 29 done in 42.8s -> seed-29_20260925T185301Z; train_mean=199.7 rules=113
[2026-09-26 02:53:44] training seed 43 (grammar_audit_only, 300 episodes) ...
[2026-09-26 02:54:40] seed 43 done in 56.0s -> seed-43_20260925T185344Z; train_mean=267.5 rules=131
[2026-09-26 02:54:40] training seed 71 (grammar_audit_only, 300 episodes) ...
[2026-09-26 02:55:18] seed 71 done in 38.0s -> seed-71_20260925T185440Z; train_mean=179.1 rules=98
[2026-09-26 02:55:18] training seed 101 (grammar_audit_only, 300 episodes) ...
[2026-09-26 02:56:07] seed 101 done in 48.9s -> seed-101_20260925T185518Z; train_mean=231.2 rules=123
[2026-09-26 02:56:07] training seed 149 (grammar_audit_only, 300 episodes) ...
[2026-09-26 02:57:20] seed 149 done in 73.3s -> seed-149_20260925T185607Z; train_mean=345.5 rules=146
[2026-09-26 02:57:20] training seed 211 (grammar_audit_only, 300 episodes) ...
[2026-09-26 02:58:03] seed 211 done in 42.2s -> seed-211_20260925T185720Z; train_mean=192.7 rules=107
[2026-09-26 02:58:03] training seed 307 (grammar_audit_only, 300 episodes) ...
[2026-09-26 02:58:06] seed 307 done in 3.0s -> seed-307_20260925T185803Z; train_mean=9.7 rules=33
[2026-09-26 02:58:06] stage 0 complete
EXIT: 0
